// Jest Snapshot v1, https://goo.gl/fbAQLP

exports[`BaseLayout takes a snapshot 1`] = `
<DocumentFragment>
  <main
    data-testid="main"
  />
</DocumentFragment>
`;
